  Determining projects to restore...
/Users/edaakdag/TravelBookingAPI kopyası 4/TravelBooking.Api/TravelBooking.Api.csproj : warning NU1603: TravelBooking.Api depends on Microsoft.AspNetCore.Authentication.JwtBearer (>= 9.0.0-preview.3) but Microsoft.AspNetCore.Authentication.JwtBearer 9.0.0-preview.3 was not found. Microsoft.AspNetCore.Authentication.JwtBearer 9.0.0-preview.3.24172.13 was resolved instead.
/Users/edaakdag/TravelBookingAPI kopyası 4/TravelBooking.Infrastructure/TravelBooking.Infrastructure.csproj : warning NU1603: TravelBooking.Infrastructure depends on Microsoft.EntityFrameworkCore (>= 9.0.0-preview.3) but Microsoft.EntityFrameworkCore 9.0.0-preview.3 was not found. Microsoft.EntityFrameworkCore 9.0.0-preview.3.24172.4 was resolved instead. [/Users/edaakdag/TravelBookingAPI kopyası 4/TravelBooking.Api/TravelBooking.Api.csproj]
/Users/edaakdag/TravelBookingAPI kopyası 4/TravelBooking.Api/TravelBooking.Api.csproj : warning NU1603: TravelBooking.Infrastructure depends on Microsoft.EntityFrameworkCore.Sqlite (>= 9.0.0-preview.3) but Microsoft.EntityFrameworkCore.Sqlite 9.0.0-preview.3 was not found. Microsoft.EntityFrameworkCore.Sqlite 9.0.0-preview.3.24172.4 was resolved instead.
/Users/edaakdag/TravelBookingAPI kopyası 4/TravelBooking.Api/TravelBooking.Api.csproj : warning NU1603: TravelBooking.Api depends on Microsoft.EntityFrameworkCore.Tools (>= 9.0.0-preview.3) but Microsoft.EntityFrameworkCore.Tools 9.0.0-preview.3 was not found. Microsoft.EntityFrameworkCore.Tools 9.0.0-preview.3.24172.4 was resolved instead.
/Users/edaakdag/TravelBookingAPI kopyası 4/TravelBooking.Infrastructure/TravelBooking.Infrastructure.csproj : warning NU1603: TravelBooking.Infrastructure depends on Microsoft.EntityFrameworkCore.Sqlite (>= 9.0.0-preview.3) but Microsoft.EntityFrameworkCore.Sqlite 9.0.0-preview.3 was not found. Microsoft.EntityFrameworkCore.Sqlite 9.0.0-preview.3.24172.4 was resolved instead. [/Users/edaakdag/TravelBookingAPI kopyası 4/TravelBooking.Api/TravelBooking.Api.csproj]
/Users/edaakdag/TravelBookingAPI kopyası 4/TravelBooking.Infrastructure/TravelBooking.Infrastructure.csproj : warning NU1603: TravelBooking.Infrastructure depends on Microsoft.EntityFrameworkCore.Tools (>= 9.0.0-preview.3) but Microsoft.EntityFrameworkCore.Tools 9.0.0-preview.3 was not found. Microsoft.EntityFrameworkCore.Tools 9.0.0-preview.3.24172.4 was resolved instead. [/Users/edaakdag/TravelBookingAPI kopyası 4/TravelBooking.Api/TravelBooking.Api.csproj]
  All projects are up-to-date for restore.
/Users/edaakdag/TravelBookingAPI kopyası 4/TravelBooking.Api/TravelBooking.Api.csproj : warning NU1603: TravelBooking.Api depends on Microsoft.AspNetCore.Authentication.JwtBearer (>= 9.0.0-preview.3) but Microsoft.AspNetCore.Authentication.JwtBearer 9.0.0-preview.3 was not found. Microsoft.AspNetCore.Authentication.JwtBearer 9.0.0-preview.3.24172.13 was resolved instead.
/Users/edaakdag/TravelBookingAPI kopyası 4/TravelBooking.Api/TravelBooking.Api.csproj : warning NU1603: TravelBooking.Infrastructure depends on Microsoft.EntityFrameworkCore.Sqlite (>= 9.0.0-preview.3) but Microsoft.EntityFrameworkCore.Sqlite 9.0.0-preview.3 was not found. Microsoft.EntityFrameworkCore.Sqlite 9.0.0-preview.3.24172.4 was resolved instead.
/Users/edaakdag/TravelBookingAPI kopyası 4/TravelBooking.Api/TravelBooking.Api.csproj : warning NU1603: TravelBooking.Api depends on Microsoft.EntityFrameworkCore.Tools (>= 9.0.0-preview.3) but Microsoft.EntityFrameworkCore.Tools 9.0.0-preview.3 was not found. Microsoft.EntityFrameworkCore.Tools 9.0.0-preview.3.24172.4 was resolved instead.
/Users/edaakdag/TravelBookingAPI kopyası 4/TravelBooking.Infrastructure/TravelBooking.Infrastructure.csproj : warning NU1603: TravelBooking.Infrastructure depends on Microsoft.EntityFrameworkCore (>= 9.0.0-preview.3) but Microsoft.EntityFrameworkCore 9.0.0-preview.3 was not found. Microsoft.EntityFrameworkCore 9.0.0-preview.3.24172.4 was resolved instead.
/Users/edaakdag/TravelBookingAPI kopyası 4/TravelBooking.Infrastructure/TravelBooking.Infrastructure.csproj : warning NU1603: TravelBooking.Infrastructure depends on Microsoft.EntityFrameworkCore.Sqlite (>= 9.0.0-preview.3) but Microsoft.EntityFrameworkCore.Sqlite 9.0.0-preview.3 was not found. Microsoft.EntityFrameworkCore.Sqlite 9.0.0-preview.3.24172.4 was resolved instead.
/Users/edaakdag/TravelBookingAPI kopyası 4/TravelBooking.Infrastructure/TravelBooking.Infrastructure.csproj : warning NU1603: TravelBooking.Infrastructure depends on Microsoft.EntityFrameworkCore.Tools (>= 9.0.0-preview.3) but Microsoft.EntityFrameworkCore.Tools 9.0.0-preview.3 was not found. Microsoft.EntityFrameworkCore.Tools 9.0.0-preview.3.24172.4 was resolved instead.
  TravelBooking.Domain -> /Users/edaakdag/TravelBookingAPI kopyası 4/TravelBooking.Domain/bin/Debug/net9.0/TravelBooking.Domain.dll
/Users/edaakdag/TravelBookingAPI kopyası 4/TravelBooking.Application/Extensions/ServiceCollectionExtensions.cs(1,17): error CS0234: The type or namespace name 'Extensions' does not exist in the namespace 'Microsoft' (are you missing an assembly reference?) [/Users/edaakdag/TravelBookingAPI kopyası 4/TravelBooking.Application/TravelBooking.Application.csproj]
/Users/edaakdag/TravelBookingAPI kopyası 4/TravelBooking.Application/Services/CityService.cs(8,21): error CS0234: The type or namespace name 'Infrastructure' does not exist in the namespace 'TravelBooking' (are you missing an assembly reference?) [/Users/edaakdag/TravelBookingAPI kopyası 4/TravelBooking.Application/TravelBooking.Application.csproj]
/Users/edaakdag/TravelBookingAPI kopyası 4/TravelBooking.Application/Services/HotelService.cs(9,21): error CS0234: The type or namespace name 'Infrastructure' does not exist in the namespace 'TravelBooking' (are you missing an assembly reference?) [/Users/edaakdag/TravelBookingAPI kopyası 4/TravelBooking.Application/TravelBooking.Application.csproj]
/Users/edaakdag/TravelBookingAPI kopyası 4/TravelBooking.Application/Services/ReservationService.cs(8,21): error CS0234: The type or namespace name 'Infrastructure' does not exist in the namespace 'TravelBooking' (are you missing an assembly reference?) [/Users/edaakdag/TravelBookingAPI kopyası 4/TravelBooking.Application/TravelBooking.Application.csproj]
/Users/edaakdag/TravelBookingAPI kopyası 4/TravelBooking.Application/Services/RoomService.cs(8,21): error CS0234: The type or namespace name 'Infrastructure' does not exist in the namespace 'TravelBooking' (are you missing an assembly reference?) [/Users/edaakdag/TravelBookingAPI kopyası 4/TravelBooking.Application/TravelBooking.Application.csproj]
/Users/edaakdag/TravelBookingAPI kopyası 4/TravelBooking.Application/Services/UserService.cs(4,21): error CS0234: The type or namespace name 'Infrastructure' does not exist in the namespace 'TravelBooking' (are you missing an assembly reference?) [/Users/edaakdag/TravelBookingAPI kopyası 4/TravelBooking.Application/TravelBooking.Application.csproj]
/Users/edaakdag/TravelBookingAPI kopyası 4/TravelBooking.Application/Services/UserService.cs(7,17): error CS0234: The type or namespace name 'IdentityModel' does not exist in the namespace 'Microsoft' (are you missing an assembly reference?) [/Users/edaakdag/TravelBookingAPI kopyası 4/TravelBooking.Application/TravelBooking.Application.csproj]
/Users/edaakdag/TravelBookingAPI kopyası 4/TravelBooking.Application/Services/UserService.cs(8,14): error CS0234: The type or namespace name 'IdentityModel' does not exist in the namespace 'System' (are you missing an assembly reference?) [/Users/edaakdag/TravelBookingAPI kopyası 4/TravelBooking.Application/TravelBooking.Application.csproj]
/Users/edaakdag/TravelBookingAPI kopyası 4/TravelBooking.Application/Services/UserService.cs(9,17): error CS0234: The type or namespace name 'Extensions' does not exist in the namespace 'Microsoft' (are you missing an assembly reference?) [/Users/edaakdag/TravelBookingAPI kopyası 4/TravelBooking.Application/TravelBooking.Application.csproj]
/Users/edaakdag/TravelBookingAPI kopyası 4/TravelBooking.Application/Extensions/ServiceCollectionExtensions.cs(9,70): error CS0246: The type or namespace name 'IServiceCollection' could not be found (are you missing a using directive or an assembly reference?) [/Users/edaakdag/TravelBookingAPI kopyası 4/TravelBooking.Application/TravelBooking.Application.csproj]
/Users/edaakdag/TravelBookingAPI kopyası 4/TravelBooking.Application/Extensions/ServiceCollectionExtensions.cs(9,23): error CS0246: The type or namespace name 'IServiceCollection' could not be found (are you missing a using directive or an assembly reference?) [/Users/edaakdag/TravelBookingAPI kopyası 4/TravelBooking.Application/TravelBooking.Application.csproj]
/Users/edaakdag/TravelBookingAPI kopyası 4/TravelBooking.Application/Services/CityService.cs(14,26): error CS0246: The type or namespace name 'IGenericRepository<>' could not be found (are you missing a using directive or an assembly reference?) [/Users/edaakdag/TravelBookingAPI kopyası 4/TravelBooking.Application/TravelBooking.Application.csproj]
/Users/edaakdag/TravelBookingAPI kopyası 4/TravelBooking.Application/Services/CityService.cs(16,28): error CS0246: The type or namespace name 'IGenericRepository<>' could not be found (are you missing a using directive or an assembly reference?) [/Users/edaakdag/TravelBookingAPI kopyası 4/TravelBooking.Application/TravelBooking.Application.csproj]
/Users/edaakdag/TravelBookingAPI kopyası 4/TravelBooking.Application/Services/HotelService.cs(15,26): error CS0246: The type or namespace name 'IGenericRepository<>' could not be found (are you missing a using directive or an assembly reference?) [/Users/edaakdag/TravelBookingAPI kopyası 4/TravelBooking.Application/TravelBooking.Application.csproj]
/Users/edaakdag/TravelBookingAPI kopyası 4/TravelBooking.Application/Services/ReservationService.cs(14,26): error CS0246: The type or namespace name 'IGenericRepository<>' could not be found (are you missing a using directive or an assembly reference?) [/Users/edaakdag/TravelBookingAPI kopyası 4/TravelBooking.Application/TravelBooking.Application.csproj]
/Users/edaakdag/TravelBookingAPI kopyası 4/TravelBooking.Application/Services/HotelService.cs(16,26): error CS0246: The type or namespace name 'IGenericRepository<>' could not be found (are you missing a using directive or an assembly reference?) [/Users/edaakdag/TravelBookingAPI kopyası 4/TravelBooking.Application/TravelBooking.Application.csproj]
/Users/edaakdag/TravelBookingAPI kopyası 4/TravelBooking.Application/Services/ReservationService.cs(16,35): error CS0246: The type or namespace name 'IGenericRepository<>' could not be found (are you missing a using directive or an assembly reference?) [/Users/edaakdag/TravelBookingAPI kopyası 4/TravelBooking.Application/TravelBooking.Application.csproj]
/Users/edaakdag/TravelBookingAPI kopyası 4/TravelBooking.Application/Services/RoomService.cs(14,26): error CS0246: The type or namespace name 'IGenericRepository<>' could not be found (are you missing a using directive or an assembly reference?) [/Users/edaakdag/TravelBookingAPI kopyası 4/TravelBooking.Application/TravelBooking.Application.csproj]
/Users/edaakdag/TravelBookingAPI kopyası 4/TravelBooking.Application/Services/UserService.cs(20,26): error CS0246: The type or namespace name 'IGenericRepository<>' could not be found (are you missing a using directive or an assembly reference?) [/Users/edaakdag/TravelBookingAPI kopyası 4/TravelBooking.Application/TravelBooking.Application.csproj]
/Users/edaakdag/TravelBookingAPI kopyası 4/TravelBooking.Application/Services/RoomService.cs(16,28): error CS0246: The type or namespace name 'IGenericRepository<>' could not be found (are you missing a using directive or an assembly reference?) [/Users/edaakdag/TravelBookingAPI kopyası 4/TravelBooking.Application/TravelBooking.Application.csproj]
/Users/edaakdag/TravelBookingAPI kopyası 4/TravelBooking.Application/Services/HotelService.cs(18,29): error CS0246: The type or namespace name 'IGenericRepository<>' could not be found (are you missing a using directive or an assembly reference?) [/Users/edaakdag/TravelBookingAPI kopyası 4/TravelBooking.Application/TravelBooking.Application.csproj]
/Users/edaakdag/TravelBookingAPI kopyası 4/TravelBooking.Application/Services/HotelService.cs(18,72): error CS0246: The type or namespace name 'IGenericRepository<>' could not be found (are you missing a using directive or an assembly reference?) [/Users/edaakdag/TravelBookingAPI kopyası 4/TravelBooking.Application/TravelBooking.Application.csproj]
/Users/edaakdag/TravelBookingAPI kopyası 4/TravelBooking.Application/Services/UserService.cs(21,26): error CS0246: The type or namespace name 'IConfiguration' could not be found (are you missing a using directive or an assembly reference?) [/Users/edaakdag/TravelBookingAPI kopyası 4/TravelBooking.Application/TravelBooking.Application.csproj]
/Users/edaakdag/TravelBookingAPI kopyası 4/TravelBooking.Application/Services/UserService.cs(23,28): error CS0246: The type or namespace name 'IGenericRepository<>' could not be found (are you missing a using directive or an assembly reference?) [/Users/edaakdag/TravelBookingAPI kopyası 4/TravelBooking.Application/TravelBooking.Application.csproj]
/Users/edaakdag/TravelBookingAPI kopyası 4/TravelBooking.Application/Services/UserService.cs(23,69): error CS0246: The type or namespace name 'IConfiguration' could not be found (are you missing a using directive or an assembly reference?) [/Users/edaakdag/TravelBookingAPI kopyası 4/TravelBooking.Application/TravelBooking.Application.csproj]
  TravelBooking.Infrastructure -> /Users/edaakdag/TravelBookingAPI kopyası 4/TravelBooking.Infrastructure/bin/Debug/net9.0/TravelBooking.Infrastructure.dll

Build FAILED.

/Users/edaakdag/TravelBookingAPI kopyası 4/TravelBooking.Api/TravelBooking.Api.csproj : warning NU1603: TravelBooking.Api depends on Microsoft.AspNetCore.Authentication.JwtBearer (>= 9.0.0-preview.3) but Microsoft.AspNetCore.Authentication.JwtBearer 9.0.0-preview.3 was not found. Microsoft.AspNetCore.Authentication.JwtBearer 9.0.0-preview.3.24172.13 was resolved instead.
/Users/edaakdag/TravelBookingAPI kopyası 4/TravelBooking.Infrastructure/TravelBooking.Infrastructure.csproj : warning NU1603: TravelBooking.Infrastructure depends on Microsoft.EntityFrameworkCore (>= 9.0.0-preview.3) but Microsoft.EntityFrameworkCore 9.0.0-preview.3 was not found. Microsoft.EntityFrameworkCore 9.0.0-preview.3.24172.4 was resolved instead. [/Users/edaakdag/TravelBookingAPI kopyası 4/TravelBooking.Api/TravelBooking.Api.csproj]
/Users/edaakdag/TravelBookingAPI kopyası 4/TravelBooking.Api/TravelBooking.Api.csproj : warning NU1603: TravelBooking.Infrastructure depends on Microsoft.EntityFrameworkCore.Sqlite (>= 9.0.0-preview.3) but Microsoft.EntityFrameworkCore.Sqlite 9.0.0-preview.3 was not found. Microsoft.EntityFrameworkCore.Sqlite 9.0.0-preview.3.24172.4 was resolved instead.
/Users/edaakdag/TravelBookingAPI kopyası 4/TravelBooking.Api/TravelBooking.Api.csproj : warning NU1603: TravelBooking.Api depends on Microsoft.EntityFrameworkCore.Tools (>= 9.0.0-preview.3) but Microsoft.EntityFrameworkCore.Tools 9.0.0-preview.3 was not found. Microsoft.EntityFrameworkCore.Tools 9.0.0-preview.3.24172.4 was resolved instead.
/Users/edaakdag/TravelBookingAPI kopyası 4/TravelBooking.Infrastructure/TravelBooking.Infrastructure.csproj : warning NU1603: TravelBooking.Infrastructure depends on Microsoft.EntityFrameworkCore.Sqlite (>= 9.0.0-preview.3) but Microsoft.EntityFrameworkCore.Sqlite 9.0.0-preview.3 was not found. Microsoft.EntityFrameworkCore.Sqlite 9.0.0-preview.3.24172.4 was resolved instead. [/Users/edaakdag/TravelBookingAPI kopyası 4/TravelBooking.Api/TravelBooking.Api.csproj]
/Users/edaakdag/TravelBookingAPI kopyası 4/TravelBooking.Infrastructure/TravelBooking.Infrastructure.csproj : warning NU1603: TravelBooking.Infrastructure depends on Microsoft.EntityFrameworkCore.Tools (>= 9.0.0-preview.3) but Microsoft.EntityFrameworkCore.Tools 9.0.0-preview.3 was not found. Microsoft.EntityFrameworkCore.Tools 9.0.0-preview.3.24172.4 was resolved instead. [/Users/edaakdag/TravelBookingAPI kopyası 4/TravelBooking.Api/TravelBooking.Api.csproj]
/Users/edaakdag/TravelBookingAPI kopyası 4/TravelBooking.Api/TravelBooking.Api.csproj : warning NU1603: TravelBooking.Api depends on Microsoft.AspNetCore.Authentication.JwtBearer (>= 9.0.0-preview.3) but Microsoft.AspNetCore.Authentication.JwtBearer 9.0.0-preview.3 was not found. Microsoft.AspNetCore.Authentication.JwtBearer 9.0.0-preview.3.24172.13 was resolved instead.
/Users/edaakdag/TravelBookingAPI kopyası 4/TravelBooking.Api/TravelBooking.Api.csproj : warning NU1603: TravelBooking.Infrastructure depends on Microsoft.EntityFrameworkCore.Sqlite (>= 9.0.0-preview.3) but Microsoft.EntityFrameworkCore.Sqlite 9.0.0-preview.3 was not found. Microsoft.EntityFrameworkCore.Sqlite 9.0.0-preview.3.24172.4 was resolved instead.
/Users/edaakdag/TravelBookingAPI kopyası 4/TravelBooking.Api/TravelBooking.Api.csproj : warning NU1603: TravelBooking.Api depends on Microsoft.EntityFrameworkCore.Tools (>= 9.0.0-preview.3) but Microsoft.EntityFrameworkCore.Tools 9.0.0-preview.3 was not found. Microsoft.EntityFrameworkCore.Tools 9.0.0-preview.3.24172.4 was resolved instead.
/Users/edaakdag/TravelBookingAPI kopyası 4/TravelBooking.Infrastructure/TravelBooking.Infrastructure.csproj : warning NU1603: TravelBooking.Infrastructure depends on Microsoft.EntityFrameworkCore (>= 9.0.0-preview.3) but Microsoft.EntityFrameworkCore 9.0.0-preview.3 was not found. Microsoft.EntityFrameworkCore 9.0.0-preview.3.24172.4 was resolved instead.
/Users/edaakdag/TravelBookingAPI kopyası 4/TravelBooking.Infrastructure/TravelBooking.Infrastructure.csproj : warning NU1603: TravelBooking.Infrastructure depends on Microsoft.EntityFrameworkCore.Sqlite (>= 9.0.0-preview.3) but Microsoft.EntityFrameworkCore.Sqlite 9.0.0-preview.3 was not found. Microsoft.EntityFrameworkCore.Sqlite 9.0.0-preview.3.24172.4 was resolved instead.
/Users/edaakdag/TravelBookingAPI kopyası 4/TravelBooking.Infrastructure/TravelBooking.Infrastructure.csproj : warning NU1603: TravelBooking.Infrastructure depends on Microsoft.EntityFrameworkCore.Tools (>= 9.0.0-preview.3) but Microsoft.EntityFrameworkCore.Tools 9.0.0-preview.3 was not found. Microsoft.EntityFrameworkCore.Tools 9.0.0-preview.3.24172.4 was resolved instead.
/Users/edaakdag/TravelBookingAPI kopyası 4/TravelBooking.Application/Extensions/ServiceCollectionExtensions.cs(1,17): error CS0234: The type or namespace name 'Extensions' does not exist in the namespace 'Microsoft' (are you missing an assembly reference?) [/Users/edaakdag/TravelBookingAPI kopyası 4/TravelBooking.Application/TravelBooking.Application.csproj]
/Users/edaakdag/TravelBookingAPI kopyası 4/TravelBooking.Application/Services/CityService.cs(8,21): error CS0234: The type or namespace name 'Infrastructure' does not exist in the namespace 'TravelBooking' (are you missing an assembly reference?) [/Users/edaakdag/TravelBookingAPI kopyası 4/TravelBooking.Application/TravelBooking.Application.csproj]
/Users/edaakdag/TravelBookingAPI kopyası 4/TravelBooking.Application/Services/HotelService.cs(9,21): error CS0234: The type or namespace name 'Infrastructure' does not exist in the namespace 'TravelBooking' (are you missing an assembly reference?) [/Users/edaakdag/TravelBookingAPI kopyası 4/TravelBooking.Application/TravelBooking.Application.csproj]
/Users/edaakdag/TravelBookingAPI kopyası 4/TravelBooking.Application/Services/ReservationService.cs(8,21): error CS0234: The type or namespace name 'Infrastructure' does not exist in the namespace 'TravelBooking' (are you missing an assembly reference?) [/Users/edaakdag/TravelBookingAPI kopyası 4/TravelBooking.Application/TravelBooking.Application.csproj]
/Users/edaakdag/TravelBookingAPI kopyası 4/TravelBooking.Application/Services/RoomService.cs(8,21): error CS0234: The type or namespace name 'Infrastructure' does not exist in the namespace 'TravelBooking' (are you missing an assembly reference?) [/Users/edaakdag/TravelBookingAPI kopyası 4/TravelBooking.Application/TravelBooking.Application.csproj]
/Users/edaakdag/TravelBookingAPI kopyası 4/TravelBooking.Application/Services/UserService.cs(4,21): error CS0234: The type or namespace name 'Infrastructure' does not exist in the namespace 'TravelBooking' (are you missing an assembly reference?) [/Users/edaakdag/TravelBookingAPI kopyası 4/TravelBooking.Application/TravelBooking.Application.csproj]
/Users/edaakdag/TravelBookingAPI kopyası 4/TravelBooking.Application/Services/UserService.cs(7,17): error CS0234: The type or namespace name 'IdentityModel' does not exist in the namespace 'Microsoft' (are you missing an assembly reference?) [/Users/edaakdag/TravelBookingAPI kopyası 4/TravelBooking.Application/TravelBooking.Application.csproj]
/Users/edaakdag/TravelBookingAPI kopyası 4/TravelBooking.Application/Services/UserService.cs(8,14): error CS0234: The type or namespace name 'IdentityModel' does not exist in the namespace 'System' (are you missing an assembly reference?) [/Users/edaakdag/TravelBookingAPI kopyası 4/TravelBooking.Application/TravelBooking.Application.csproj]
/Users/edaakdag/TravelBookingAPI kopyası 4/TravelBooking.Application/Services/UserService.cs(9,17): error CS0234: The type or namespace name 'Extensions' does not exist in the namespace 'Microsoft' (are you missing an assembly reference?) [/Users/edaakdag/TravelBookingAPI kopyası 4/TravelBooking.Application/TravelBooking.Application.csproj]
/Users/edaakdag/TravelBookingAPI kopyası 4/TravelBooking.Application/Extensions/ServiceCollectionExtensions.cs(9,70): error CS0246: The type or namespace name 'IServiceCollection' could not be found (are you missing a using directive or an assembly reference?) [/Users/edaakdag/TravelBookingAPI kopyası 4/TravelBooking.Application/TravelBooking.Application.csproj]
/Users/edaakdag/TravelBookingAPI kopyası 4/TravelBooking.Application/Extensions/ServiceCollectionExtensions.cs(9,23): error CS0246: The type or namespace name 'IServiceCollection' could not be found (are you missing a using directive or an assembly reference?) [/Users/edaakdag/TravelBookingAPI kopyası 4/TravelBooking.Application/TravelBooking.Application.csproj]
/Users/edaakdag/TravelBookingAPI kopyası 4/TravelBooking.Application/Services/CityService.cs(14,26): error CS0246: The type or namespace name 'IGenericRepository<>' could not be found (are you missing a using directive or an assembly reference?) [/Users/edaakdag/TravelBookingAPI kopyası 4/TravelBooking.Application/TravelBooking.Application.csproj]
/Users/edaakdag/TravelBookingAPI kopyası 4/TravelBooking.Application/Services/CityService.cs(16,28): error CS0246: The type or namespace name 'IGenericRepository<>' could not be found (are you missing a using directive or an assembly reference?) [/Users/edaakdag/TravelBookingAPI kopyası 4/TravelBooking.Application/TravelBooking.Application.csproj]
/Users/edaakdag/TravelBookingAPI kopyası 4/TravelBooking.Application/Services/HotelService.cs(15,26): error CS0246: The type or namespace name 'IGenericRepository<>' could not be found (are you missing a using directive or an assembly reference?) [/Users/edaakdag/TravelBookingAPI kopyası 4/TravelBooking.Application/TravelBooking.Application.csproj]
/Users/edaakdag/TravelBookingAPI kopyası 4/TravelBooking.Application/Services/ReservationService.cs(14,26): error CS0246: The type or namespace name 'IGenericRepository<>' could not be found (are you missing a using directive or an assembly reference?) [/Users/edaakdag/TravelBookingAPI kopyası 4/TravelBooking.Application/TravelBooking.Application.csproj]
/Users/edaakdag/TravelBookingAPI kopyası 4/TravelBooking.Application/Services/HotelService.cs(16,26): error CS0246: The type or namespace name 'IGenericRepository<>' could not be found (are you missing a using directive or an assembly reference?) [/Users/edaakdag/TravelBookingAPI kopyası 4/TravelBooking.Application/TravelBooking.Application.csproj]
/Users/edaakdag/TravelBookingAPI kopyası 4/TravelBooking.Application/Services/ReservationService.cs(16,35): error CS0246: The type or namespace name 'IGenericRepository<>' could not be found (are you missing a using directive or an assembly reference?) [/Users/edaakdag/TravelBookingAPI kopyası 4/TravelBooking.Application/TravelBooking.Application.csproj]
/Users/edaakdag/TravelBookingAPI kopyası 4/TravelBooking.Application/Services/RoomService.cs(14,26): error CS0246: The type or namespace name 'IGenericRepository<>' could not be found (are you missing a using directive or an assembly reference?) [/Users/edaakdag/TravelBookingAPI kopyası 4/TravelBooking.Application/TravelBooking.Application.csproj]
/Users/edaakdag/TravelBookingAPI kopyası 4/TravelBooking.Application/Services/UserService.cs(20,26): error CS0246: The type or namespace name 'IGenericRepository<>' could not be found (are you missing a using directive or an assembly reference?) [/Users/edaakdag/TravelBookingAPI kopyası 4/TravelBooking.Application/TravelBooking.Application.csproj]
/Users/edaakdag/TravelBookingAPI kopyası 4/TravelBooking.Application/Services/RoomService.cs(16,28): error CS0246: The type or namespace name 'IGenericRepository<>' could not be found (are you missing a using directive or an assembly reference?) [/Users/edaakdag/TravelBookingAPI kopyası 4/TravelBooking.Application/TravelBooking.Application.csproj]
/Users/edaakdag/TravelBookingAPI kopyası 4/TravelBooking.Application/Services/HotelService.cs(18,29): error CS0246: The type or namespace name 'IGenericRepository<>' could not be found (are you missing a using directive or an assembly reference?) [/Users/edaakdag/TravelBookingAPI kopyası 4/TravelBooking.Application/TravelBooking.Application.csproj]
/Users/edaakdag/TravelBookingAPI kopyası 4/TravelBooking.Application/Services/HotelService.cs(18,72): error CS0246: The type or namespace name 'IGenericRepository<>' could not be found (are you missing a using directive or an assembly reference?) [/Users/edaakdag/TravelBookingAPI kopyası 4/TravelBooking.Application/TravelBooking.Application.csproj]
/Users/edaakdag/TravelBookingAPI kopyası 4/TravelBooking.Application/Services/UserService.cs(21,26): error CS0246: The type or namespace name 'IConfiguration' could not be found (are you missing a using directive or an assembly reference?) [/Users/edaakdag/TravelBookingAPI kopyası 4/TravelBooking.Application/TravelBooking.Application.csproj]
/Users/edaakdag/TravelBookingAPI kopyası 4/TravelBooking.Application/Services/UserService.cs(23,28): error CS0246: The type or namespace name 'IGenericRepository<>' could not be found (are you missing a using directive or an assembly reference?) [/Users/edaakdag/TravelBookingAPI kopyası 4/TravelBooking.Application/TravelBooking.Application.csproj]
/Users/edaakdag/TravelBookingAPI kopyası 4/TravelBooking.Application/Services/UserService.cs(23,69): error CS0246: The type or namespace name 'IConfiguration' could not be found (are you missing a using directive or an assembly reference?) [/Users/edaakdag/TravelBookingAPI kopyası 4/TravelBooking.Application/TravelBooking.Application.csproj]
    12 Warning(s)
    25 Error(s)

Time Elapsed 00:00:01.16
